<div class='user'>System</div><div class='left_balloon'>単語を二つ入力してください</div><div class='user'>user</div><div class='left_balloon2'>モナリザ　美術館</div><div class='user'>System</div><div class='left_balloon'>モナリザと美術館から連想される言葉は</div><div class='user'>System</div><div class='left_balloon'>ルーヴル美術館</div><div class='user'>System</div><div class='left_balloon'>ルーブル美術館</div><div class='user'>System</div><div class='left_balloon'>ルーブル</div><div class='user'>System</div><div class='left_balloon'>ルーヴル</div><div class='user'>System</div><div class='left_balloon'>ミロのヴィーナス</div><div class='user'>System</div><div class='left_balloon'>などがあります</div>